<HEADER>unit</HEADER>
bp <DESCRIPTION> point (1/72 in) pt <DESCRIPTION> point (1/72.27 in) mm <DESCRIPTION> millimeter cm <DESCRIPTION> centimeter in <DESCRIPTION> inch (2.54 cm) sp <DESCRIPTION> scaled point (1/65536 pt) pc <DESCRIPTION> pica (12 pt) dd <DESCRIPTION> Didot point (1.07 pt) cc <DESCRIPTION> Cicero (12 dd) ex <DESCRIPTION> x-height (height of lowercase x) em <DESCRIPTION> font size (height of capital M)
